
 ⛅️ wrangler 4.92.0 (update available 4.136.2)
──────────────────────────────────────────────
Your Worker has access to the following bindings:
Binding                       Resource         Mode
env.DB (site-creator-d1)      D1 Database      local

Attaching additional modules:
┌────────────────────────────────────────────────────────────────────────────────────────────────────────────────────────────┬──────┬─────────────┐
│ Name                                                                                                                       │ Type │ Size        │
├────────────────────────────────────────────────────────────────────────────────────────────────────────────────────────────┼──────┼─────────────┤
│ ssr/index.js                                                                                                               │ esm  │ 271.79 KiB  │
├────────────────────────────────────────────────────────────────────────────────────────────────────────────────────────────┼──────┼─────────────┤
│ ssr/vinext-client-assets.js                                                                                                │ esm  │ 1.42 KiB    │
├────────────────────────────────────────────────────────────────────────────────────────────────────────────────────────────┼──────┼─────────────┤
│ ssr/_next/static/app-prefetch-fetch-queue-DxuBK-0j.js                                                                      │ esm  │ 0.00 KiB    │
├────────────────────────────────────────────────────────────────────────────────────────────────────────────────────────────┼──────┼─────────────┤
│ ssr/_next/static/app-router-scroll-CVA6D-8y.js                                                                             │ esm  │ 2.49 KiB    │
├────────────────────────────────────────────────────────────────────────────────────────────────────────────────────────────┼──────┼─────────────┤
│ ssr/_next/static/error-boundary-CpKCYeaG.js                                                                                │ esm  │ 5.27 KiB    │
├────────────────────────────────────────────────────────────────────────────────────────────────────────────────────────────┼──────┼─────────────┤
│ ssr/_next/static/firebase-gate-Df4yL7Qo.js                                                                                 │ esm  │ 453.48 KiB  │
├────────────────────────────────────────────────────────────────────────────────────────────────────────────────────────────┼──────┼─────────────┤
│ ssr/_next/static/layout-segment-context-uYKxdJGQ.js                                                                        │ esm  │ 0.37 KiB    │
├────────────────────────────────────────────────────────────────────────────────────────────────────────────────────────────┼──────┼─────────────┤
│ ssr/_next/static/static.edge-CKJjMt3N.js                                                                                   │ esm  │ 0.16 KiB    │
├────────────────────────────────────────────────────────────────────────────────────────────────────────────────────────────┼──────┼─────────────┤
│ ssr/_next/static/streamed-icons-CYdOGffu.js                                                                                │ esm  │ 0.67 KiB    │
├────────────────────────────────────────────────────────────────────────────────────────────────────────────────────────────┼──────┼─────────────┤
│ ssr/__vite_rsc_assets_manifest.js                                                                                          │ esm  │ 2.26 KiB    │
├────────────────────────────────────────────────────────────────────────────────────────────────────────────────────────────┼──────┼─────────────┤
│ vinext-client-assets.js                                                                                                    │ esm  │ 1.42 KiB    │
├────────────────────────────────────────────────────────────────────────────────────────────────────────────────────────────┼──────┼─────────────┤
│ _next/static/app-page-cache-BruXgrsq.js                                                                                    │ esm  │ 5.07 KiB    │
├────────────────────────────────────────────────────────────────────────────────────────────────────────────────────────────┼──────┼─────────────┤
│ _next/static/app-page-cache-finalizer-CCoz1tCV.js                                                                          │ esm  │ 3.40 KiB    │
├────────────────────────────────────────────────────────────────────────────────────────────────────────────────────────────┼──────┼─────────────┤
│ _next/static/app-page-cache-render-C7kxA0SR.js                                                                             │ esm  │ 1.90 KiB    │
├────────────────────────────────────────────────────────────────────────────────────────────────────────────────────────────┼──────┼─────────────┤
│ _next/static/app-page-stream-CCql6CXh.js                                                                                   │ esm  │ 9.77 KiB    │
├────────────────────────────────────────────────────────────────────────────────────────────────────────────────────────────┼──────┼─────────────┤
│ _next/static/app-prerender-endpoints-Dfqbp3j5.js                                                                           │ esm  │ 1.96 KiB    │
├────────────────────────────────────────────────────────────────────────────────────────────────────────────────────────────┼──────┼─────────────┤
│ _next/static/app-prerender-static-params-Dah1ZyH1.js                                                                       │ esm  │ 0.17 KiB    │
├────────────────────────────────────────────────────────────────────────────────────────────────────────────────────────────┼──────┼─────────────┤
│ _next/static/app-route-handler-dispatch-BMIJT3OD.js                                                                        │ esm  │ 17.74 KiB   │
├────────────────────────────────────────────────────────────────────────────────────────────────────────────────────────────┼──────┼─────────────┤
│ _next/static/app-segment-config-DPnnA5lj.js                                                                                │ esm  │ 13.36 KiB   │
├────────────────────────────────────────────────────────────────────────────────────────────────────────────────────────────┼──────┼─────────────┤
│ _next/static/app-static-generation-GyCp4IQS.js                                                                             │ esm  │ 0.89 KiB    │
├────────────────────────────────────────────────────────────────────────────────────────────────────────────────────────────┼──────┼─────────────┤
│ _next/static/base-path-DIKmiNZl.js                                                                                         │ esm  │ 0.31 KiB    │
├────────────────────────────────────────────────────────────────────────────────────────────────────────────────────────────┼──────┼─────────────┤
│ _next/static/cache-headers-uOZkCIT3.js                                                                                     │ esm  │ 37.94 KiB   │
├────────────────────────────────────────────────────────────────────────────────────────────────────────────────────────────┼──────┼─────────────┤
│ _next/static/cookie-serialize-BGv39ZTl.js                                                                                  │ esm  │ 2.34 KiB    │
├────────────────────────────────────────────────────────────────────────────────────────────────────────────────────────────┼──────┼─────────────┤
│ _next/static/framework~index-DZaqOv0j.js                                                                                   │ esm  │ 0.19 KiB    │
├────────────────────────────────────────────────────────────────────────────────────────────────────────────────────────────┼──────┼─────────────┤
│ _next/static/framework~index~layout~page~app-page-cache-render~app-page-cache~app-route-handler-dispatch-6i8i1LSW.js       │ esm  │ 0.80 KiB    │
├────────────────────────────────────────────────────────────────────────────────────────────────────────────────────────────┼──────┼─────────────┤
│ _next/static/framework~index~layout~page~app-page-cache-render~app-page-cache~app-route-handler-dispatch~route-BSEVwp-p.js │ esm  │ 5.37 KiB    │
├────────────────────────────────────────────────────────────────────────────────────────────────────────────────────────────┼──────┼─────────────┤
│ _next/static/framework~index~page~app-route-handler-dispatch-C3VPzF4i.js                                                   │ esm  │ 55.29 KiB   │
├────────────────────────────────────────────────────────────────────────────────────────────────────────────────────────────┼──────┼─────────────┤
│ _next/static/headers-Bh9udy_F.js                                                                                           │ esm  │ 9.20 KiB    │
├────────────────────────────────────────────────────────────────────────────────────────────────────────────────────────────┼──────┼─────────────┤
│ _next/static/headers-DiaRPf0p.js                                                                                           │ esm  │ 4.87 KiB    │
├────────────────────────────────────────────────────────────────────────────────────────────────────────────────────────────┼──────┼─────────────┤
│ _next/static/implicit-tags-CV_vOD7i.js                                                                                     │ esm  │ 1.01 KiB    │
├────────────────────────────────────────────────────────────────────────────────────────────────────────────────────────────┼──────┼─────────────┤
│ _next/static/isr-cache-CYpTioni.js                                                                                         │ esm  │ 4.85 KiB    │
├────────────────────────────────────────────────────────────────────────────────────────────────────────────────────────────┼──────┼─────────────┤
│ _next/static/navigation-errors-CgmF_HSe.js                                                                                 │ esm  │ 1.22 KiB    │
├────────────────────────────────────────────────────────────────────────────────────────────────────────────────────────────┼──────┼─────────────┤
│ _next/static/navigation-runtime-CjeuF-Xm.js                                                                                │ esm  │ 0.78 KiB    │
├────────────────────────────────────────────────────────────────────────────────────────────────────────────────────────────┼──────┼─────────────┤
│ _next/static/navigation.react-server-CAW6Z9gB.js                                                                           │ esm  │ 0.26 KiB    │
├────────────────────────────────────────────────────────────────────────────────────────────────────────────────────────────┼──────┼─────────────┤
│ _next/static/page-BYA6qQPc.js                                                                                              │ esm  │ 0.33 KiB    │
├────────────────────────────────────────────────────────────────────────────────────────────────────────────────────────────┼──────┼─────────────┤
│ _next/static/record-CW_Fw1mA.js                                                                                            │ esm  │ 0.08 KiB    │
├────────────────────────────────────────────────────────────────────────────────────────────────────────────────────────────┼──────┼─────────────┤
│ _next/static/redirect-digest-x5mH93OF.js                                                                                   │ esm  │ 0.37 KiB    │
├────────────────────────────────────────────────────────────────────────────────────────────────────────────────────────────┼──────┼─────────────┤
│ _next/static/rolldown-runtime-DUnMT5BP.js                                                                                  │ esm  │ 0.68 KiB    │
├────────────────────────────────────────────────────────────────────────────────────────────────────────────────────────────┼──────┼─────────────┤
│ _next/static/root-params-C4cTde7Z.js                                                                                       │ esm  │ 1.21 KiB    │
├────────────────────────────────────────────────────────────────────────────────────────────────────────────────────────────┼──────┼─────────────┤
│ _next/static/route-BJETvX1l.js                                                                                             │ esm  │ 66.13 KiB   │
├────────────────────────────────────────────────────────────────────────────────────────────────────────────────────────────┼──────┼─────────────┤
│ _next/static/route-D6qeBZbu.js                                                                                             │ esm  │ 0.96 KiB    │
├────────────────────────────────────────────────────────────────────────────────────────────────────────────────────────────┼──────┼─────────────┤
│ _next/static/rsc-DhyUqf9I.js                                                                                               │ esm  │ 0.71 KiB    │
├────────────────────────────────────────────────────────────────────────────────────────────────────────────────────────────┼──────┼─────────────┤
│ _next/static/server-wk0ofDyr.js                                                                                            │ esm  │ 12.36 KiB   │
├────────────────────────────────────────────────────────────────────────────────────────────────────────────────────────────┼──────┼─────────────┤
│ _next/static/text-stream-B1nC3Dpq.js                                                                                       │ esm  │ 18.99 KiB   │
├────────────────────────────────────────────────────────────────────────────────────────────────────────────────────────────┼──────┼─────────────┤
│ __vite_rsc_assets_manifest.js                                                                                              │ esm  │ 2.26 KiB    │
├────────────────────────────────────────────────────────────────────────────────────────────────────────────────────────────┼──────┼─────────────┤
│ Total (45 modules)                                                                                                         │      │ 1022.11 KiB │
└────────────────────────────────────────────────────────────────────────────────────────────────────────────────────────────┴──────┴─────────────┘
⎔ Starting local server...
[wrangler:info] ✨ Parsed 1 valid header rule.
[wrangler:info] Ready on http://127.0.0.1:8790
[wrangler:info] GET / 200 OK (93ms)
